Archive member included to satisfy reference by file (symbol)

c:/sysgcc/arm-eabi/bin/../lib/gcc/arm-none-eabi/9.3.1/thumb/v7e-m+fp/hard\libgcc.a(_aeabi_uldivmod.o)
                              CMakeFiles/BSP.dir/Drivers/STM32L4xx_HAL_Driver/Src/stm32l4xx_hal_uart.c.obj (__aeabi_uldivmod)
c:/sysgcc/arm-eabi/bin/../lib/gcc/arm-none-eabi/9.3.1/thumb/v7e-m+fp/hard\libgcc.a(_udivmoddi4.o)
                              c:/sysgcc/arm-eabi/bin/../lib/gcc/arm-none-eabi/9.3.1/thumb/v7e-m+fp/hard\libgcc.a(_aeabi_uldivmod.o) (__udivmoddi4)
c:/sysgcc/arm-eabi/bin/../lib/gcc/arm-none-eabi/9.3.1/thumb/v7e-m+fp/hard\libgcc.a(_dvmd_tls.o)
                              c:/sysgcc/arm-eabi/bin/../lib/gcc/arm-none-eabi/9.3.1/thumb/v7e-m+fp/hard\libgcc.a(_aeabi_uldivmod.o) (__aeabi_ldiv0)
c:/sysgcc/arm-eabi/bin/../lib/gcc/arm-none-eabi/9.3.1/../../../../arm-none-eabi/lib/thumb/v7e-m+fp/hard\libg.a(lib_a-exit.o)
                              c:/sysgcc/arm-eabi/bin/../lib/gcc/arm-none-eabi/9.3.1/../../../../arm-none-eabi/lib/thumb/v7e-m+fp/hard/crt0.o (exit)
c:/sysgcc/arm-eabi/bin/../lib/gcc/arm-none-eabi/9.3.1/../../../../arm-none-eabi/lib/thumb/v7e-m+fp/hard\libg.a(lib_a-impure.o)
                              c:/sysgcc/arm-eabi/bin/../lib/gcc/arm-none-eabi/9.3.1/../../../../arm-none-eabi/lib/thumb/v7e-m+fp/hard\libg.a(lib_a-exit.o) (_global_impure_ptr)
c:/sysgcc/arm-eabi/bin/../lib/gcc/arm-none-eabi/9.3.1/../../../../arm-none-eabi/lib/thumb/v7e-m+fp/hard\libg.a(lib_a-init.o)
                              c:/sysgcc/arm-eabi/bin/../lib/gcc/arm-none-eabi/9.3.1/../../../../arm-none-eabi/lib/thumb/v7e-m+fp/hard/crt0.o (__libc_init_array)
c:/sysgcc/arm-eabi/bin/../lib/gcc/arm-none-eabi/9.3.1/../../../../arm-none-eabi/lib/thumb/v7e-m+fp/hard\libg.a(lib_a-memset.o)
                              c:/sysgcc/arm-eabi/bin/../lib/gcc/arm-none-eabi/9.3.1/../../../../arm-none-eabi/lib/thumb/v7e-m+fp/hard/crt0.o (memset)
c:/sysgcc/arm-eabi/bin/../lib/gcc/arm-none-eabi/9.3.1/../../../../arm-none-eabi/lib/thumb/v7e-m+fp/hard\libg.a(lib_a-__call_atexit.o)
                              c:/sysgcc/arm-eabi/bin/../lib/gcc/arm-none-eabi/9.3.1/../../../../arm-none-eabi/lib/thumb/v7e-m+fp/hard\libg.a(lib_a-exit.o) (__call_exitprocs)
c:/sysgcc/arm-eabi/bin/../lib/gcc/arm-none-eabi/9.3.1/../../../../arm-none-eabi/lib/thumb/v7e-m+fp/hard\libg.a(lib_a-atexit.o)
                              c:/sysgcc/arm-eabi/bin/../lib/gcc/arm-none-eabi/9.3.1/../../../../arm-none-eabi/lib/thumb/v7e-m+fp/hard\libg.a(lib_a-__call_atexit.o) (atexit)
c:/sysgcc/arm-eabi/bin/../lib/gcc/arm-none-eabi/9.3.1/../../../../arm-none-eabi/lib/thumb/v7e-m+fp/hard\libg.a(lib_a-fini.o)
                              c:/sysgcc/arm-eabi/bin/../lib/gcc/arm-none-eabi/9.3.1/../../../../arm-none-eabi/lib/thumb/v7e-m+fp/hard\libg.a(lib_a-__call_atexit.o) (__libc_fini_array)
c:/sysgcc/arm-eabi/bin/../lib/gcc/arm-none-eabi/9.3.1/../../../../arm-none-eabi/lib/thumb/v7e-m+fp/hard\libg.a(lib_a-lock.o)
                              c:/sysgcc/arm-eabi/bin/../lib/gcc/arm-none-eabi/9.3.1/../../../../arm-none-eabi/lib/thumb/v7e-m+fp/hard\libg.a(lib_a-__call_atexit.o) (__retarget_lock_acquire_recursive)
c:/sysgcc/arm-eabi/bin/../lib/gcc/arm-none-eabi/9.3.1/../../../../arm-none-eabi/lib/thumb/v7e-m+fp/hard\libg.a(lib_a-__atexit.o)
                              c:/sysgcc/arm-eabi/bin/../lib/gcc/arm-none-eabi/9.3.1/../../../../arm-none-eabi/lib/thumb/v7e-m+fp/hard\libg.a(lib_a-atexit.o) (__register_exitproc)

Allocating common symbols
Common symbol       size              file

__lock___atexit_recursive_mutex
                    0x1               c:/sysgcc/arm-eabi/bin/../lib/gcc/arm-none-eabi/9.3.1/../../../../arm-none-eabi/lib/thumb/v7e-m+fp/hard\libg.a(lib_a-lock.o)
hdma_usart2_rx      0x48              CMakeFiles/BSP.dir/Src/main.c.obj
__lock___arc4random_mutex
                    0x1               c:/sysgcc/arm-eabi/bin/../lib/gcc/arm-none-eabi/9.3.1/../../../../arm-none-eabi/lib/thumb/v7e-m+fp/hard\libg.a(lib_a-lock.o)
hi2c1               0x4c              CMakeFiles/BSP.dir/Src/main.c.obj
hi2c2               0x4c              CMakeFiles/BSP.dir/Src/main.c.obj
uwTick              0x4               CMakeFiles/BSP.dir/Drivers/STM32L4xx_HAL_Driver/Src/stm32l4xx_hal.c.obj
__lock___env_recursive_mutex
                    0x1               c:/sysgcc/arm-eabi/bin/../lib/gcc/arm-none-eabi/9.3.1/../../../../arm-none-eabi/lib/thumb/v7e-m+fp/hard\libg.a(lib_a-lock.o)
__lock___sinit_recursive_mutex
                    0x1               c:/sysgcc/arm-eabi/bin/../lib/gcc/arm-none-eabi/9.3.1/../../../../arm-none-eabi/lib/thumb/v7e-m+fp/hard\libg.a(lib_a-lock.o)
__lock___malloc_recursive_mutex
                    0x1               c:/sysgcc/arm-eabi/bin/../lib/gcc/arm-none-eabi/9.3.1/../../../../arm-none-eabi/lib/thumb/v7e-m+fp/hard\libg.a(lib_a-lock.o)
hadc1               0x64              CMakeFiles/BSP.dir/Src/main.c.obj
[...]
Memory Configuration

Name             Origin             Length             Attributes
RAM              0x20000000         0x00010000         xrw
FLASH            0x08000000         0x00020000         xr
*default*        0x00000000         0xffffffff

Linker script and memory map

LOAD c:/sysgcc/arm-eabi/bin/../lib/gcc/arm-none-eabi/9.3.1/thumb/v7e-m+fp/hard/crti.o
LOAD c:/sysgcc/arm-eabi/bin/../lib/gcc/arm-none-eabi/9.3.1/thumb/v7e-m+fp/hard/crtbegin.o
LOAD c:/sysgcc/arm-eabi/bin/../lib/gcc/arm-none-eabi/9.3.1/../../../../arm-none-eabi/lib/thumb/v7e-m+fp/hard/crt0.o
LOAD CMakeFiles/BSP.dir/Src/system_stm32l4xx.c.obj
LOAD CMakeFiles/BSP.dir/Drivers/STM32L4xx_HAL_Driver/Src/stm32l4xx_hal_uart_ex.c.obj
LOAD CMakeFiles/BSP.dir/Drivers/STM32L4xx_HAL_Driver/Src/stm32l4xx_hal_uart.c.obj
LOAD CMakeFiles/BSP.dir/Drivers/STM32L4xx_HAL_Driver/Src/stm32l4xx_hal_tim_ex.c.obj
LOAD CMakeFiles/BSP.dir/startup_stm32l431xx.s.obj
LOAD CMakeFiles/BSP.dir/Drivers/STM32L4xx_HAL_Driver/Src/stm32l4xx_hal_tim.c.obj
LOAD CMakeFiles/BSP.dir/Drivers/STM32L4xx_HAL_Driver/Src/stm32l4xx_hal_exti.c.obj
LOAD CMakeFiles/BSP.dir/Drivers/STM32L4xx_HAL_Driver/Src/stm32l4xx_hal_cortex.c.obj
LOAD CMakeFiles/BSP.dir/Drivers/STM32L4xx_HAL_Driver/Src/stm32l4xx_hal_pwr_ex.c.obj
LOAD CMakeFiles/BSP.dir/Drivers/STM32L4xx_HAL_Driver/Src/stm32l4xx_hal_pwr.c.obj
LOAD CMakeFiles/BSP.dir/Drivers/STM32L4xx_HAL_Driver/Src/stm32l4xx_hal_dma_ex.c.obj
LOAD CMakeFiles/BSP.dir/Drivers/STM32L4xx_HAL_Driver/Src/stm32l4xx_hal_dma.c.obj
LOAD CMakeFiles/BSP.dir/Drivers/STM32L4xx_HAL_Driver/Src/stm32l4xx_hal_gpio.c.obj
LOAD CMakeFiles/BSP.dir/Drivers/STM32L4xx_HAL_Driver/Src/stm32l4xx_hal_flash_ramfunc.c.obj
LOAD CMakeFiles/BSP.dir/Drivers/STM32L4xx_HAL_Driver/Src/stm32l4xx_hal_flash_ex.c.obj
LOAD CMakeFiles/BSP.dir/Drivers/STM32L4xx_HAL_Driver/Src/stm32l4xx_hal_flash.c.obj
LOAD CMakeFiles/BSP.dir/Drivers/STM32L4xx_HAL_Driver/Src/stm32l4xx_hal_rcc_ex.c.obj
LOAD CMakeFiles/BSP.dir/Drivers/STM32L4xx_HAL_Driver/Src/stm32l4xx_hal_rcc.c.obj
LOAD CMakeFiles/BSP.dir/Drivers/STM32L4xx_HAL_Driver/Src/stm32l4xx_hal_i2c_ex.c.obj
LOAD CMakeFiles/BSP.dir/Drivers/STM32L4xx_HAL_Driver/Src/stm32l4xx_hal_i2c.c.obj
LOAD CMakeFiles/BSP.dir/Drivers/STM32L4xx_HAL_Driver/Src/stm32l4xx_hal.c.obj
LOAD CMakeFiles/BSP.dir/Drivers/STM32L4xx_HAL_Driver/Src/stm32l4xx_hal_adc_ex.c.obj
LOAD CMakeFiles/BSP.dir/Drivers/STM32L4xx_HAL_Driver/Src/stm32l4xx_hal_adc.c.obj
LOAD CMakeFiles/BSP.dir/Src/stm32l4xx_hal_msp.c.obj
LOAD CMakeFiles/BSP.dir/Src/stm32l4xx_it.c.obj
LOAD CMakeFiles/BSP.dir/Src/main.c.obj
LOAD CMakeFiles/L431_LED.dir/C_/Program_Files_(x86)/Sysprogs/VisualGDB/CMake/embedded/dummy.c.obj
START GROUP
LOAD c:/sysgcc/arm-eabi/bin/../lib/gcc/arm-none-eabi/9.3.1/thumb/v7e-m+fp/hard\libgcc.a
LOAD c:/sysgcc/arm-eabi/bin/../lib/gcc/arm-none-eabi/9.3.1/../../../../arm-none-eabi/lib/thumb/v7e-m+fp/hard\libg.a
LOAD c:/sysgcc/arm-eabi/bin/../lib/gcc/arm-none-eabi/9.3.1/../../../../arm-none-eabi/lib/thumb/v7e-m+fp/hard\libc.a
END GROUP
LOAD c:/sysgcc/arm-eabi/bin/../lib/gcc/arm-none-eabi/9.3.1/thumb/v7e-m+fp/hard/crtend.o
LOAD c:/sysgcc/arm-eabi/bin/../lib/gcc/arm-none-eabi/9.3.1/thumb/v7e-m+fp/hard/crtn.o
                0x20010000                _estack = 0x20010000
                0x00000200                _Min_Heap_Size = 0x200
                0x00000400                _Min_Stack_Size = 0x400

.isr_vector     0x08000000      0x190
                0x08000000                . = ALIGN (0x8)
 *(.isr_vector)
 .isr_vector    0x08000000      0x18c CMakeFiles/BSP.dir/startup_stm32l431xx.s.obj
                0x08000000                g_pfnVectors
                0x08000190                . = ALIGN (0x8)
 *fill*         0x0800018c        0x4 

.text           0x08000190     0x54a8
                0x08000190                . = ALIGN (0x8)
 *(.text)
 .text          0x08000190       0x40 c:/sysgcc/arm-eabi/bin/../lib/gcc/arm-none-eabi/9.3.1/thumb/v7e-m+fp/hard/crtbegin.o
 .text          0x080001d0       0x30 c:/sysgcc/arm-eabi/bin/../lib/gcc/arm-none-eabi/9.3.1/thumb/v7e-m+fp/hard\libgcc.a(_aeabi_uldivmod.o)
                0x080001d0                __aeabi_uldivmod
 .text          0x08000200      0x2c4 c:/sysgcc/arm-eabi/bin/../lib/gcc/arm-none-eabi/9.3.1/thumb/v7e-m+fp/hard\libgcc.a(_udivmoddi4.o)
                0x08000200                __udivmoddi4
 .text          0x080004c4        0x4 c:/sysgcc/arm-eabi/bin/../lib/gcc/arm-none-eabi/9.3.1/thumb/v7e-m+fp/hard\libgcc.a(_dvmd_tls.o)
                0x080004c4                __aeabi_idiv0
                0x080004c4                __aeabi_ldiv0
 *(.text*)
 .text.SystemInit
                0x080004c8       0x6c CMakeFiles/BSP.dir/Src/system_stm32l4xx.c.obj
                0x080004c8                SystemInit
 .text.HAL_UARTEx_WakeupCallback
                0x08000534       0x14 CMakeFiles/BSP.dir/Drivers/STM32L4xx_HAL_Driver/Src/stm32l4xx_hal_uart_ex.c.obj
                0x08000534                HAL_UARTEx_WakeupCallback
 .text.HAL_UART_Init
                0x08000548       0x9c CMakeFiles/BSP.dir/Drivers/STM32L4xx_HAL_Driver/Src/stm32l4xx_hal_uart.c.obj
                0x08000548                HAL_UART_Init
 .text.HAL_UART_Transmit
                0x080005e4      0x126 CMakeFiles/BSP.dir/Drivers/STM32L4xx_HAL_Driver/Src/stm32l4xx_hal_uart.c.obj
                0x080005e4                HAL_UART_Transmit
 *fill*         0x0800070a        0x2 
 .text.HAL_UART_IRQHandler
                0x0800070c      0x28c CMakeFiles/BSP.dir/Drivers/STM32L4xx_HAL_Driver/Src/stm32l4xx_hal_uart.c.obj
                0x0800070c                HAL_UART_IRQHandler
 .text.HAL_UART_TxCpltCallback
                0x08000998       0x14 CMakeFiles/BSP.dir/Drivers/STM32L4xx_HAL_Driver/Src/stm32l4xx_hal_uart.c.obj
                0x08000998                HAL_UART_TxCpltCallback
 .text.HAL_UART_ErrorCallback
                0x080009ac       0x14 CMakeFiles/BSP.dir/Drivers/STM32L4xx_HAL_Driver/Src/stm32l4xx_hal_uart.c.obj
                0x080009ac                HAL_UART_ErrorCallback
 .text.UART_SetConfig
                0x080009c0      0x468 CMakeFiles/BSP.dir/Drivers/STM32L4xx_HAL_Driver/Src/stm32l4xx_hal_uart.c.obj
                0x080009c0                UART_SetConfig
 .text.UART_AdvFeatureConfig
                0x08000e28      0x144 CMakeFiles/BSP.dir/Drivers/STM32L4xx_HAL_Driver/Src/stm32l4xx_hal_uart.c.obj
                0x08000e28                UART_AdvFeatureConfig
 .text.UART_CheckIdleState
                0x08000f6c       0x8a CMakeFiles/BSP.dir/Drivers/STM32L4xx_HAL_Driver/Src/stm32l4xx_hal_uart.c.obj
                0x08000f6c                UART_CheckIdleState
 .text.UART_WaitOnFlagUntilTimeout
                0x08000ff6       0xf6 CMakeFiles/BSP.dir/Drivers/STM32L4xx_HAL_Driver/Src/stm32l4xx_hal_uart.c.obj
                0x08000ff6                UART_WaitOnFlagUntilTimeout
 .text.UART_EndRxTransfer
                0x080010ec       0x40 CMakeFiles/BSP.dir/Drivers/STM32L4xx_HAL_Driver/Src/stm32l4xx_hal_uart.c.obj
 .text.UART_DMAAbortOnError
                0x0800112c       0x2c CMakeFiles/BSP.dir/Drivers/STM32L4xx_HAL_Driver/Src/stm32l4xx_hal_uart.c.obj
 .text.UART_EndTransmit_IT
                0x08001158       0x32 CMakeFiles/BSP.dir/Drivers/STM32L4xx_HAL_Driver/Src/stm32l4xx_hal_uart.c.obj
 *fill*         0x0800118a        0x2 
 .text.HAL_TIMEx_MasterConfigSynchronization
                0x0800118c       0xcc CMakeFiles/BSP.dir/Drivers/STM32L4xx_HAL_Driver/Src/stm32l4xx_hal_tim_ex.c.obj
                0x0800118c                HAL_TIMEx_MasterConfigSynchronization
 .text.HAL_TIMEx_ConfigBreakDeadTime
                0x08001258       0xf0 CMakeFiles/BSP.dir/Drivers/STM32L4xx_HAL_Driver/Src/stm32l4xx_hal_tim_ex.c.obj
                0x08001258                HAL_TIMEx_ConfigBreakDeadTime
 .text.Reset_Handler
                0x08001348       0x50 CMakeFiles/BSP.dir/startup_stm32l431xx.s.obj
                0x08001348                Reset_Handler
 .text.Default_Handler
                0x08001398        0x2 CMakeFiles/BSP.dir/startup_stm32l431xx.s.obj
                0x08001398                RTC_Alarm_IRQHandler
                0x08001398                EXTI2_IRQHandler
                0x08001398                TIM1_CC_IRQHandler
                0x08001398                TSC_IRQHandler
                0x08001398                TAMP_STAMP_IRQHandler
                0x08001398                EXTI3_IRQHandler
                0x08001398                LPTIM2_IRQHandler
                0x08001398                I2C3_ER_IRQHandler
                0x08001398                EXTI0_IRQHandler
                0x08001398                I2C2_EV_IRQHandler
                0x08001398                CAN1_RX0_IRQHandler
                0x08001398                FPU_IRQHandler
                0x08001398                TIM1_UP_TIM16_IRQHandler
                0x08001398                SPI1_IRQHandler
                0x08001398                TIM6_DAC_IRQHandler
                0x08001398                DMA2_Channel2_IRQHandler
                0x08001398                DMA1_Channel4_IRQHandler
                0x08001398                ADC1_IRQHandler
                0x08001398                USART3_IRQHandler
                0x08001398                DMA1_Channel7_IRQHandler
                0x08001398                CAN1_RX1_IRQHandler
                0x08001398                DMA2_Channel1_IRQHandler
                0x08001398                QUADSPI_IRQHandler
                0x08001398                I2C1_EV_IRQHandler
                0x08001398                DMA2_Channel4_IRQHandler
                0x08001398                RCC_IRQHandler
                0x08001398                TIM1_TRG_COM_IRQHandler
                0x08001398                DMA1_Channel1_IRQHandler
                0x08001398                Default_Handler
                0x08001398                DMA2_Channel7_IRQHandler
                0x08001398                EXTI15_10_IRQHandler
                0x08001398                TIM7_IRQHandler
                0x08001398                SDMMC1_IRQHandler
                0x08001398                I2C3_EV_IRQHandler
                0x08001398                EXTI9_5_IRQHandler
                0x08001398                RTC_WKUP_IRQHandler
                0x08001398                PVD_PVM_IRQHandler
                0x08001398                SPI2_IRQHandler
                0x08001398                CAN1_TX_IRQHandler
                0x08001398                DMA2_Channel5_IRQHandler
                0x08001398                CRS_IRQHandler
                0x08001398                DMA1_Channel5_IRQHandler
                0x08001398                EXTI4_IRQHandler
                0x08001398                RNG_IRQHandler
                0x08001398                DMA1_Channel3_IRQHandler
                0x08001398                COMP_IRQHandler
                0x08001398                WWDG_IRQHandler
                0x08001398                LPUART1_IRQHandler
                0x08001398                DMA2_Channel6_IRQHandler
                0x08001398                TIM2_IRQHandler
                0x08001398                EXTI1_IRQHandler
                0x08001398                I2C2_ER_IRQHandler
                0x08001398                DMA1_Channel2_IRQHandler
                0x08001398                CAN1_SCE_IRQHandler
                0x08001398                FLASH_IRQHandler
                0x08001398                USART1_IRQHandler
                0x08001398                SPI3_IRQHandler
                0x08001398                I2C1_ER_IRQHandler
                0x08001398                SWPMI1_IRQHandler
                0x08001398                LPTIM1_IRQHandler
                0x08001398                SAI1_IRQHandler
                0x08001398                DMA2_Channel3_IRQHandler
                0x08001398                TIM1_BRK_TIM15_IRQHandler
 .text.HAL_TIM_PWM_Init
                0x0800139a       0xae CMakeFiles/BSP.dir/Drivers/STM32L4xx_HAL_Driver/Src/stm32l4xx_hal_tim.c.obj
                0x0800139a                HAL_TIM_PWM_Init
 .text.HAL_TIM_PWM_ConfigChannel
                0x08001448      0x220 CMakeFiles/BSP.dir/Drivers/STM32L4xx_HAL_Driver/Src/stm32l4xx_hal_tim.c.obj
                0x08001448                HAL_TIM_PWM_ConfigChannel
 .text.TIM_Base_SetConfig
                0x08001668       0xc8 CMakeFiles/BSP.dir/Drivers/STM32L4xx_HAL_Driver/Src/stm32l4xx_hal_tim.c.obj
                0x08001668                TIM_Base_SetConfig
 .text.TIM_OC1_SetConfig
                0x08001730       0xf8 CMakeFiles/BSP.dir/Drivers/STM32L4xx_HAL_Driver/Src/stm32l4xx_hal_tim.c.obj
 .text.TIM_OC2_SetConfig
                0x08001828       0xf4 CMakeFiles/BSP.dir/Drivers/STM32L4xx_HAL_Driver/Src/stm32l4xx_hal_tim.c.obj
                0x08001828                TIM_OC2_SetConfig
 .text.TIM_OC3_SetConfig
                0x0800191c       0xf0 CMakeFiles/BSP.dir/Drivers/STM32L4xx_HAL_Driver/Src/stm32l4xx_hal_tim.c.obj
 .text.TIM_OC4_SetConfig
                0x08001a0c       0xbc CMakeFiles/BSP.dir/Drivers/STM32L4xx_HAL_Driver/Src/stm32l4xx_hal_tim.c.obj
 .text.TIM_OC5_SetConfig
                0x08001ac8       0xb0 CMakeFiles/BSP.dir/Drivers/STM32L4xx_HAL_Driver/Src/stm32l4xx_hal_tim.c.obj
 .text.TIM_OC6_SetConfig
                0x08001b78       0xb4 CMakeFiles/BSP.dir/Drivers/STM32L4xx_HAL_Driver/Src/stm32l4xx_hal_tim.c.obj
 .text.__NVIC_SetPriorityGrouping
                0x08001c2c       0x48 CMakeFiles/BSP.dir/Drivers/STM32L4xx_HAL_Driver/Src/stm32l4xx_hal_cortex.c.obj
 .text.__NVIC_GetPriorityGrouping
                0x08001c74       0x1c CMakeFiles/BSP.dir/Drivers/STM32L4xx_HAL_Driver/Src/stm32l4xx_hal_cortex.c.obj
 .text.__NVIC_EnableIRQ
                0x08001c90       0x3c CMakeFiles/BSP.dir/Drivers/STM32L4xx_HAL_Driver/Src/stm32l4xx_hal_cortex.c.obj
 .text.__NVIC_SetPriority
                0x08001ccc       0x54 CMakeFiles/BSP.dir/Drivers/STM32L4xx_HAL_Driver/Src/stm32l4xx_hal_cortex.c.obj
 .text.NVIC_EncodePriority
                0x08001d20       0x66 CMakeFiles/BSP.dir/Drivers/STM32L4xx_HAL_Driver/Src/stm32l4xx_hal_cortex.c.obj
 *fill*         0x08001d86        0x2 
 .text.SysTick_Config
                0x08001d88       0x44 CMakeFiles/BSP.dir/Drivers/STM32L4xx_HAL_Driver/Src/stm32l4xx_hal_cortex.c.obj
 .text.HAL_NVIC_SetPriorityGrouping
                0x08001dcc       0x16 CMakeFiles/BSP.dir/Drivers/STM32L4xx_HAL_Driver/Src/stm32l4xx_hal_cortex.c.obj
                0x08001dcc                HAL_NVIC_SetPriorityGrouping
 .text.HAL_NVIC_SetPriority
                0x08001de2       0x38 CMakeFiles/BSP.dir/Drivers/STM32L4xx_HAL_Driver/Src/stm32l4xx_hal_cortex.c.obj
                0x08001de2                HAL_NVIC_SetPriority
 .text.HAL_NVIC_EnableIRQ
                0x08001e1a       0x1c CMakeFiles/BSP.dir/Drivers/STM32L4xx_HAL_Driver/Src/stm32l4xx_hal_cortex.c.obj
                0x08001e1a                HAL_NVIC_EnableIRQ
 .text.HAL_SYSTICK_Config
                0x08001e36       0x18 CMakeFiles/BSP.dir/Drivers/STM32L4xx_HAL_Driver/Src/stm32l4xx_hal_cortex.c.obj
                0x08001e36                HAL_SYSTICK_Config
 *fill*         0x08001e4e        0x2 
 .text.HAL_PWREx_GetVoltageRange
                0x08001e50       0x1c CMakeFiles/BSP.dir/Drivers/STM32L4xx_HAL_Driver/Src/stm32l4xx_hal_pwr_ex.c.obj
                0x08001e50                HAL_PWREx_GetVoltageRange
 .text.HAL_PWREx_ControlVoltageScaling
                0x08001e6c       0xac CMakeFiles/BSP.dir/Drivers/STM32L4xx_HAL_Driver/Src/stm32l4xx_hal_pwr_ex.c.obj
                0x08001e6c                HAL_PWREx_ControlVoltageScaling
 .text.HAL_DMA_Init
                0x08001f18      0x170 CMakeFiles/BSP.dir/Drivers/STM32L4xx_HAL_Driver/Src/stm32l4xx_hal_dma.c.obj
                0x08001f18                HAL_DMA_Init
 .text.HAL_DMA_Abort_IT
                0x08002088       0x82 CMakeFiles/BSP.dir/Drivers/STM32L4xx_HAL_Driver/Src/stm32l4xx_hal_dma.c.obj
                0x08002088                HAL_DMA_Abort_IT
 .text.HAL_DMA_IRQHandler
                0x0800210a      0x15e CMakeFiles/BSP.dir/Drivers/STM32L4xx_HAL_Driver/Src/stm32l4xx_hal_dma.c.obj
                0x0800210a                HAL_DMA_IRQHandler
 .text.HAL_GPIO_Init
                0x08002268      0x2f4 CMakeFiles/BSP.dir/Drivers/STM32L4xx_HAL_Driver/Src/stm32l4xx_hal_gpio.c.obj
                0x08002268                HAL_GPIO_Init
 .text.HAL_GPIO_WritePin
                0x0800255c       0x30 CMakeFiles/BSP.dir/Drivers/STM32L4xx_HAL_Driver/Src/stm32l4xx_hal_gpio.c.obj
                0x0800255c                HAL_GPIO_WritePin
 .text.HAL_GPIO_TogglePin
                0x0800258c       0x34 CMakeFiles/BSP.dir/Drivers/STM32L4xx_HAL_Driver/Src/stm32l4xx_hal_gpio.c.obj
                0x0800258c                HAL_GPIO_TogglePin
 .text.HAL_RCCEx_PeriphCLKConfig
                0x080025c0      0x430 CMakeFiles/BSP.dir/Drivers/STM32L4xx_HAL_Driver/Src/stm32l4xx_hal_rcc_ex.c.obj
                0x080025c0                HAL_RCCEx_PeriphCLKConfig
 .text.RCCEx_PLLSAI1_Config
                0x080029f0      0x1e4 CMakeFiles/BSP.dir/Drivers/STM32L4xx_HAL_Driver/Src/stm32l4xx_hal_rcc_ex.c.obj
 .text.HAL_RCC_OscConfig
                0x08002bd4      0x840 CMakeFiles/BSP.dir/Drivers/STM32L4xx_HAL_Driver/Src/stm32l4xx_hal_rcc.c.obj
                0x08002bd4                HAL_RCC_OscConfig
 .text.HAL_RCC_ClockConfig
                0x08003414      0x1c4 CMakeFiles/BSP.dir/Drivers/STM32L4xx_HAL_Driver/Src/stm32l4xx_hal_rcc.c.obj
                0x08003414                HAL_RCC_ClockConfig
 .text.HAL_RCC_GetSysClockFreq
                0x080035d8      0x114 CMakeFiles/BSP.dir/Drivers/STM32L4xx_HAL_Driver/Src/stm32l4xx_hal_rcc.c.obj
                0x080035d8                HAL_RCC_GetSysClockFreq
 .text.HAL_RCC_GetHCLKFreq
                0x080036ec       0x18 CMakeFiles/BSP.dir/Drivers/STM32L4xx_HAL_Driver/Src/stm32l4xx_hal_rcc.c.obj
                0x080036ec                HAL_RCC_GetHCLKFreq
 .text.HAL_RCC_GetPCLK1Freq
                0x08003704       0x2c CMakeFiles/BSP.dir/Drivers/STM32L4xx_HAL_Driver/Src/stm32l4xx_hal_rcc.c.obj
                0x08003704                HAL_RCC_GetPCLK1Freq
 .text.HAL_RCC_GetPCLK2Freq
                0x08003730       0x2c CMakeFiles/BSP.dir/Drivers/STM32L4xx_HAL_Driver/Src/stm32l4xx_hal_rcc.c.obj
                0x08003730                HAL_RCC_GetPCLK2Freq
 .text.RCC_SetFlashLatencyFromMSIRange
                0x0800375c       0xc0 CMakeFiles/BSP.dir/Drivers/STM32L4xx_HAL_Driver/Src/stm32l4xx_hal_rcc.c.obj
 .text.HAL_I2CEx_ConfigAnalogFilter
                0x0800381c       0x96 CMakeFiles/BSP.dir/Drivers/STM32L4xx_HAL_Driver/Src/stm32l4xx_hal_i2c_ex.c.obj
                0x0800381c                HAL_I2CEx_ConfigAnalogFilter
 .text.HAL_I2CEx_ConfigDigitalFilter
                0x080038b2       0x98 CMakeFiles/BSP.dir/Drivers/STM32L4xx_HAL_Driver/Src/stm32l4xx_hal_i2c_ex.c.obj
                0x080038b2                HAL_I2CEx_ConfigDigitalFilter
 .text.HAL_I2C_Init
                0x0800394a      0x11e CMakeFiles/BSP.dir/Drivers/STM32L4xx_HAL_Driver/Src/stm32l4xx_hal_i2c.c.obj
                0x0800394a                HAL_I2C_Init
 .text.HAL_Init
                0x08003a68       0x30 CMakeFiles/BSP.dir/Drivers/STM32L4xx_HAL_Driver/Src/stm32l4xx_hal.c.obj
                0x08003a68                HAL_Init
 .text.HAL_InitTick
                0x08003a98       0x78 CMakeFiles/BSP.dir/Drivers/STM32L4xx_HAL_Driver/Src/stm32l4xx_hal.c.obj
                0x08003a98                HAL_InitTick
 .text.HAL_IncTick
                0x08003b10       0x28 CMakeFiles/BSP.dir/Drivers/STM32L4xx_HAL_Driver/Src/stm32l4xx_hal.c.obj
                0x08003b10                HAL_IncTick
 .text.HAL_GetTick
                0x08003b38       0x18 CMakeFiles/BSP.dir/Drivers/STM32L4xx_HAL_Driver/Src/stm32l4xx_hal.c.obj
                0x08003b38                HAL_GetTick
 .text.HAL_Delay
                0x08003b50       0x48 CMakeFiles/BSP.dir/Drivers/STM32L4xx_HAL_Driver/Src/stm32l4xx_hal.c.obj
                0x08003b50                HAL_Delay
 .text.LL_ADC_SetCommonClock
                0x08003b98       0x26 CMakeFiles/BSP.dir/Drivers/STM32L4xx_HAL_Driver/Src/stm32l4xx_hal_adc.c.obj
 .text.LL_ADC_SetCommonPathInternalCh
                0x08003bbe       0x26 CMakeFiles/BSP.dir/Drivers/STM32L4xx_HAL_Driver/Src/stm32l4xx_hal_adc.c.obj
 .text.LL_ADC_GetCommonPathInternalCh
                0x08003be4       0x1c CMakeFiles/BSP.dir/Drivers/STM32L4xx_HAL_Driver/Src/stm32l4xx_hal_adc.c.obj
 .text.LL_ADC_SetOffset
                0x08003c00       0x48 CMakeFiles/BSP.dir/Drivers/STM32L4xx_HAL_Driver/Src/stm32l4xx_hal_adc.c.obj
 .text.LL_ADC_GetOffsetChannel
                0x08003c48       0x2c CMakeFiles/BSP.dir/Drivers/STM32L4xx_HAL_Driver/Src/stm32l4xx_hal_adc.c.obj
 .text.LL_ADC_SetOffsetState
                0x08003c74       0x36 CMakeFiles/BSP.dir/Drivers/STM32L4xx_HAL_Driver/Src/stm32l4xx_hal_adc.c.obj
 .text.LL_ADC_REG_SetSequencerRanks
                0x08003caa       0x58 CMakeFiles/BSP.dir/Drivers/STM32L4xx_HAL_Driver/Src/stm32l4xx_hal_adc.c.obj
 .text.LL_ADC_SetChannelSamplingTime
                0x08003d02       0x56 CMakeFiles/BSP.dir/Drivers/STM32L4xx_HAL_Driver/Src/stm32l4xx_hal_adc.c.obj
 .text.LL_ADC_SetChannelSingleDiff
                0x08003d58       0x48 CMakeFiles/BSP.dir/Drivers/STM32L4xx_HAL_Driver/Src/stm32l4xx_hal_adc.c.obj
 .text.LL_ADC_DisableDeepPowerDown
                0x08003da0       0x24 CMakeFiles/BSP.dir/Drivers/STM32L4xx_HAL_Driver/Src/stm32l4xx_hal_adc.c.obj
 .text.LL_ADC_IsDeepPowerDownEnabled
                0x08003dc4       0x28 CMakeFiles/BSP.dir/Drivers/STM32L4xx_HAL_Driver/Src/stm32l4xx_hal_adc.c.obj
 .text.LL_ADC_EnableInternalRegulator
                0x08003dec       0x28 CMakeFiles/BSP.dir/Drivers/STM32L4xx_HAL_Driver/Src/stm32l4xx_hal_adc.c.obj
 .text.LL_ADC_IsInternalRegulatorEnabled
                0x08003e14       0x28 CMakeFiles/BSP.dir/Drivers/STM32L4xx_HAL_Driver/Src/stm32l4xx_hal_adc.c.obj
 .text.LL_ADC_IsEnabled
                0x08003e3c       0x26 CMakeFiles/BSP.dir/Drivers/STM32L4xx_HAL_Driver/Src/stm32l4xx_hal_adc.c.obj
 .text.LL_ADC_REG_IsConversionOngoing
                0x08003e62       0x26 CMakeFiles/BSP.dir/Drivers/STM32L4xx_HAL_Driver/Src/stm32l4xx_hal_adc.c.obj
 .text.LL_ADC_INJ_IsConversionOngoing
                0x08003e88       0x26 CMakeFiles/BSP.dir/Drivers/STM32L4xx_HAL_Driver/Src/stm32l4xx_hal_adc.c.obj
 *fill*         0x08003eae        0x2 
 .text.HAL_ADC_Init
                0x08003eb0      0x28c CMakeFiles/BSP.dir/Drivers/STM32L4xx_HAL_Driver/Src/stm32l4xx_hal_adc.c.obj
                0x08003eb0                HAL_ADC_Init
 .text.HAL_ADC_ConfigChannel
                0x0800413c      0x7bc CMakeFiles/BSP.dir/Drivers/STM32L4xx_HAL_Driver/Src/stm32l4xx_hal_adc.c.obj
                0x0800413c                HAL_ADC_ConfigChannel
 .text.HAL_MspInit
                0x080048f8       0x48 CMakeFiles/BSP.dir/Src/stm32l4xx_hal_msp.c.obj
                0x080048f8                HAL_MspInit
 .text.HAL_ADC_MspInit
                0x08004940       0x7c CMakeFiles/BSP.dir/Src/stm32l4xx_hal_msp.c.obj
                0x08004940                HAL_ADC_MspInit
 .text.HAL_I2C_MspInit
                0x080049bc       0xe8 CMakeFiles/BSP.dir/Src/stm32l4xx_hal_msp.c.obj
                0x080049bc                HAL_I2C_MspInit
 .text.HAL_TIM_PWM_MspInit
                0x08004aa4       0x40 CMakeFiles/BSP.dir/Src/stm32l4xx_hal_msp.c.obj
                0x08004aa4                HAL_TIM_PWM_MspInit
 .text.HAL_TIM_MspPostInit
                0x08004ae4       0x70 CMakeFiles/BSP.dir/Src/stm32l4xx_hal_msp.c.obj
                0x08004ae4                HAL_TIM_MspPostInit
 .text.HAL_UART_MspInit
                0x08004b54       0xf0 CMakeFiles/BSP.dir/Src/stm32l4xx_hal_msp.c.obj
                0x08004b54                HAL_UART_MspInit
 .text.NMI_Handler
                0x08004c44        0xe CMakeFiles/BSP.dir/Src/stm32l4xx_it.c.obj
                0x08004c44                NMI_Handler
 .text.HardFault_Handler
                0x08004c52        0x6 CMakeFiles/BSP.dir/Src/stm32l4xx_it.c.obj
                0x08004c52                HardFault_Handler
 .text.MemManage_Handler
                0x08004c58        0x6 CMakeFiles/BSP.dir/Src/stm32l4xx_it.c.obj
                0x08004c58                MemManage_Handler
 .text.BusFault_Handler
                0x08004c5e        0x6 CMakeFiles/BSP.dir/Src/stm32l4xx_it.c.obj
                0x08004c5e                BusFault_Handler
 .text.UsageFault_Handler
                0x08004c64        0x6 CMakeFiles/BSP.dir/Src/stm32l4xx_it.c.obj
                0x08004c64                UsageFault_Handler
 .text.SVC_Handler
                0x08004c6a        0xe CMakeFiles/BSP.dir/Src/stm32l4xx_it.c.obj
                0x08004c6a                SVC_Handler
 .text.DebugMon_Handler
                0x08004c78        0xe CMakeFiles/BSP.dir/Src/stm32l4xx_it.c.obj
                0x08004c78                DebugMon_Handler
 .text.PendSV_Handler
                0x08004c86        0xe CMakeFiles/BSP.dir/Src/stm32l4xx_it.c.obj
                0x08004c86                PendSV_Handler
 .text.SysTick_Handler
                0x08004c94        0xc CMakeFiles/BSP.dir/Src/stm32l4xx_it.c.obj
                0x08004c94                SysTick_Handler
 .text.DMA1_Channel6_IRQHandler
                0x08004ca0       0x14 CMakeFiles/BSP.dir/Src/stm32l4xx_it.c.obj
                0x08004ca0                DMA1_Channel6_IRQHandler
 .text.USART2_IRQHandler
                0x08004cb4       0x14 CMakeFiles/BSP.dir/Src/stm32l4xx_it.c.obj
                0x08004cb4                USART2_IRQHandler
 .text.main     0x08004cc8      0x1e4 CMakeFiles/BSP.dir/Src/main.c.obj
                0x08004cc8                main
 .text.SystemClock_Config
                0x08004eac      0x104 CMakeFiles/BSP.dir/Src/main.c.obj
                0x08004eac                SystemClock_Config
 .text.MX_ADC1_Init
                0x08004fb0       0xc8 CMakeFiles/BSP.dir/Src/main.c.obj
 .text.MX_I2C1_Init
                0x08005078       0x80 CMakeFiles/BSP.dir/Src/main.c.obj
 .text.MX_I2C2_Init
                0x080050f8       0x80 CMakeFiles/BSP.dir/Src/main.c.obj
 .text.MX_TIM1_Init
                0x08005178      0x11c CMakeFiles/BSP.dir/Src/main.c.obj
 .text.MX_USART2_UART_Init
                0x08005294       0x60 CMakeFiles/BSP.dir/Src/main.c.obj
 .text.MX_DMA_Init
                0x080052f4       0x3c CMakeFiles/BSP.dir/Src/main.c.obj
 .text.MX_GPIO_Init
                0x08005330      0x118 CMakeFiles/BSP.dir/Src/main.c.obj
 .text.Error_Handler
                0x08005448        0xe CMakeFiles/BSP.dir/Src/main.c.obj
                0x08005448                Error_Handler
 *fill*         0x08005456        0x2 
 .text.__libc_init_array
                0x08005458       0x48 c:/sysgcc/arm-eabi/bin/../lib/gcc/arm-none-eabi/9.3.1/../../../../arm-none-eabi/lib/thumb/v7e-m+fp/hard\libg.a(lib_a-init.o)
                0x08005458                __libc_init_array
 .text.memset   0x080054a0       0xa0 c:/sysgcc/arm-eabi/bin/../lib/gcc/arm-none-eabi/9.3.1/../../../../arm-none-eabi/lib/thumb/v7e-m+fp/hard\libg.a(lib_a-memset.o)
                0x080054a0                memset
 .text.startup.register_fini
                0x08005540       0x14 c:/sysgcc/arm-eabi/bin/../lib/gcc/arm-none-eabi/9.3.1/../../../../arm-none-eabi/lib/thumb/v7e-m+fp/hard\libg.a(lib_a-__call_atexit.o)
 .text.atexit   0x08005554        0xc c:/sysgcc/arm-eabi/bin/../lib/gcc/arm-none-eabi/9.3.1/../../../../arm-none-eabi/lib/thumb/v7e-m+fp/hard\libg.a(lib_a-atexit.o)
                0x08005554                atexit
 .text.__libc_fini_array
                0x08005560       0x2c c:/sysgcc/arm-eabi/bin/../lib/gcc/arm-none-eabi/9.3.1/../../../../arm-none-eabi/lib/thumb/v7e-m+fp/hard\libg.a(lib_a-fini.o)
                0x08005560                __libc_fini_array
 .text.__retarget_lock_acquire_recursive
                0x0800558c        0x4 c:/sysgcc/arm-eabi/bin/../lib/gcc/arm-none-eabi/9.3.1/../../../../arm-none-eabi/lib/thumb/v7e-m+fp/hard\libg.a(lib_a-lock.o)
                0x0800558c                __retarget_lock_acquire_recursive
 .text.__retarget_lock_release_recursive
                0x08005590        0x4 c:/sysgcc/arm-eabi/bin/../lib/gcc/arm-none-eabi/9.3.1/../../../../arm-none-eabi/lib/thumb/v7e-m+fp/hard\libg.a(lib_a-lock.o)
                0x08005590                __retarget_lock_release_recursive
 .text.__register_exitproc
                0x08005594       0x8c c:/sysgcc/arm-eabi/bin/../lib/gcc/arm-none-eabi/9.3.1/../../../../arm-none-eabi/lib/thumb/v7e-m+fp/hard\libg.a(lib_a-__atexit.o)
                0x08005594                __register_exitproc
 *(.glue_7)
 .glue_7        0x08005620        0x0 linker stubs
 *(.glue_7t)
 .glue_7t       0x08005620        0x0 linker stubs
 *(.eh_frame)
 .eh_frame      0x08005620        0x0 c:/sysgcc/arm-eabi/bin/../lib/gcc/arm-none-eabi/9.3.1/thumb/v7e-m+fp/hard/crtbegin.o
 *(.init)
 .init          0x08005620        0x4 c:/sysgcc/arm-eabi/bin/../lib/gcc/arm-none-eabi/9.3.1/thumb/v7e-m+fp/hard/crti.o
                0x08005620                _init
 .init          0x08005624        0x8 c:/sysgcc/arm-eabi/bin/../lib/gcc/arm-none-eabi/9.3.1/thumb/v7e-m+fp/hard/crtn.o
 *(.fini)
 .fini          0x0800562c        0x4 c:/sysgcc/arm-eabi/bin/../lib/gcc/arm-none-eabi/9.3.1/thumb/v7e-m+fp/hard/crti.o
                0x0800562c                _fini
 .fini          0x08005630        0x8 c:/sysgcc/arm-eabi/bin/../lib/gcc/arm-none-eabi/9.3.1/thumb/v7e-m+fp/hard/crtn.o
                0x08005638                . = ALIGN (0x8)
                0x08005638                _etext = .

.vfp11_veneer   0x08005638        0x0
 .vfp11_veneer  0x08005638        0x0 linker stubs

.v4_bx          0x08005638        0x0
 .v4_bx         0x08005638        0x0 linker stubs

.iplt           0x08005638        0x0
 .iplt          0x08005638        0x0 c:/sysgcc/arm-eabi/bin/../lib/gcc/arm-none-eabi/9.3.1/thumb/v7e-m+fp/hard/crtbegin.o

.rodata         0x08005638      0x100
                0x08005638                . = ALIGN (0x8)
 *(.rodata)
 .rodata        0x08005638       0xb4 CMakeFiles/BSP.dir/Src/main.c.obj
 *(.rodata*)
 .rodata.AHBPrescTable
                0x080056ec       0x10 CMakeFiles/BSP.dir/Src/system_stm32l4xx.c.obj
                0x080056ec                AHBPrescTable
 .rodata.APBPrescTable
                0x080056fc        0x8 CMakeFiles/BSP.dir/Src/system_stm32l4xx.c.obj
                0x080056fc                APBPrescTable
 .rodata.MSIRangeTable
                0x08005704       0x30 CMakeFiles/BSP.dir/Src/system_stm32l4xx.c.obj
                0x08005704                MSIRangeTable
 .rodata._global_impure_ptr
                0x08005734        0x4 c:/sysgcc/arm-eabi/bin/../lib/gcc/arm-none-eabi/9.3.1/../../../../arm-none-eabi/lib/thumb/v7e-m+fp/hard\libg.a(lib_a-impure.o)
                0x08005734                _global_impure_ptr
                0x08005738                . = ALIGN (0x8)

.ARM.extab      0x08005738        0x0
                0x08005738                . = ALIGN (0x8)
 *(.ARM.extab* .gnu.linkonce.armextab.*)
                0x08005738                . = ALIGN (0x8)

.ARM            0x08005738        0x8
                0x08005738                . = ALIGN (0x8)
                0x08005738                __exidx_start = .
 *(.ARM.exidx*)
 .ARM.exidx     0x08005738        0x8 c:/sysgcc/arm-eabi/bin/../lib/gcc/arm-none-eabi/9.3.1/thumb/v7e-m+fp/hard\libgcc.a(_udivmoddi4.o)
                0x08005740                __exidx_end = .
                0x08005740                . = ALIGN (0x8)

.rel.dyn        0x08005740        0x0
 .rel.iplt      0x08005740        0x0 c:/sysgcc/arm-eabi/bin/../lib/gcc/arm-none-eabi/9.3.1/thumb/v7e-m+fp/hard/crtbegin.o

.preinit_array  0x08005740        0x0
                0x08005740                . = ALIGN (0x8)
                0x08005740                PROVIDE (__preinit_array_start = .)
 *(.preinit_array*)
                0x08005740                PROVIDE (__preinit_array_end = .)
                0x08005740                . = ALIGN (0x8)

.init_array     0x08005740        0x8
                0x08005740                . = ALIGN (0x8)
                0x08005740                PROVIDE (__init_array_start = .)
 *(SORT_BY_NAME(.init_array.*))
 .init_array.00000
                0x08005740        0x4 c:/sysgcc/arm-eabi/bin/../lib/gcc/arm-none-eabi/9.3.1/../../../../arm-none-eabi/lib/thumb/v7e-m+fp/hard\libg.a(lib_a-__call_atexit.o)
 *(.init_array*)
 .init_array    0x08005744        0x4 c:/sysgcc/arm-eabi/bin/../lib/gcc/arm-none-eabi/9.3.1/thumb/v7e-m+fp/hard/crtbegin.o
                0x08005748                PROVIDE (__init_array_end = .)
                0x08005748                . = ALIGN (0x8)

.fini_array     0x08005748        0x8
                0x08005748                . = ALIGN (0x8)
                0x08005748                PROVIDE (__fini_array_start = .)
 *(SORT_BY_NAME(.fini_array.*))
 *(.fini_array*)
 .fini_array    0x08005748        0x4 c:/sysgcc/arm-eabi/bin/../lib/gcc/arm-none-eabi/9.3.1/thumb/v7e-m+fp/hard/crtbegin.o
                0x0800574c                PROVIDE (__fini_array_end = .)
                0x08005750                . = ALIGN (0x8)
 *fill*         0x0800574c        0x4 
                0x08005750                _sidata = LOADADDR (.data)

.data           0x20000000      0x440 load address 0x08005750
                0x20000000                . = ALIGN (0x8)
                0x20000000                _sdata = .
 *(.data)
 *(.data*)
 .data.SystemCoreClock
                0x20000000        0x4 CMakeFiles/BSP.dir/Src/system_stm32l4xx.c.obj
                0x20000000                SystemCoreClock
 .data.uwTickPrio
                0x20000004        0x4 CMakeFiles/BSP.dir/Drivers/STM32L4xx_HAL_Driver/Src/stm32l4xx_hal.c.obj
                0x20000004                uwTickPrio
 .data.uwTickFreq
                0x20000008        0x1 CMakeFiles/BSP.dir/Drivers/STM32L4xx_HAL_Driver/Src/stm32l4xx_hal.c.obj
                0x20000008                uwTickFreq
 *fill*         0x20000009        0x7 
 .data.impure_data
                0x20000010      0x428 c:/sysgcc/arm-eabi/bin/../lib/gcc/arm-none-eabi/9.3.1/../../../../arm-none-eabi/lib/thumb/v7e-m+fp/hard\libg.a(lib_a-impure.o)
 .data.__atexit_recursive_mutex
                0x20000438        0x4 c:/sysgcc/arm-eabi/bin/../lib/gcc/arm-none-eabi/9.3.1/../../../../arm-none-eabi/lib/thumb/v7e-m+fp/hard\libg.a(lib_a-__call_atexit.o)
                0x20000438                __atexit_recursive_mutex
                0x20000440                . = ALIGN (0x8)
 *fill*         0x2000043c        0x4 
                0x20000440                _edata = .

.igot.plt       0x20000440        0x0 load address 0x08005b90
 .igot.plt      0x20000440        0x0 c:/sysgcc/arm-eabi/bin/../lib/gcc/arm-none-eabi/9.3.1/thumb/v7e-m+fp/hard/crtbegin.o
                0x20000440                . = ALIGN (0x4)

.bss            0x20000440      0x254 load address 0x08005b90
                0x20000440                _sbss = .
                0x20000440                __bss_start__ = _sbss
 *(.bss)
 .bss           0x20000440       0x1c c:/sysgcc/arm-eabi/bin/../lib/gcc/arm-none-eabi/9.3.1/thumb/v7e-m+fp/hard/crtbegin.o
 *(.bss*)
 *(COMMON)
 COMMON         0x2000045c        0x4 CMakeFiles/BSP.dir/Drivers/STM32L4xx_HAL_Driver/Src/stm32l4xx_hal.c.obj
                0x2000045c                uwTick
 COMMON         0x20000460      0x210 CMakeFiles/BSP.dir/Src/main.c.obj
                0x20000460                hdma_usart2_rx
                0x200004a8                hi2c1
                0x200004f4                hi2c2
                0x20000540                hadc1
                0x200005a4                htim1
                0x200005f0                huart2
 COMMON         0x20000670       0x21 c:/sysgcc/arm-eabi/bin/../lib/gcc/arm-none-eabi/9.3.1/../../../../arm-none-eabi/lib/thumb/v7e-m+fp/hard\libg.a(lib_a-lock.o)
                0x20000670                __lock___atexit_recursive_mutex
                0x20000674                __lock___arc4random_mutex
                0x20000678                __lock___env_recursive_mutex
                0x2000067c                __lock___sinit_recursive_mutex
                0x20000680                __lock___malloc_recursive_mutex
                0x20000684                __lock___at_quick_exit_mutex
                0x20000688                __lock___dd_hash_mutex
                0x2000068c                __lock___tz_mutex
                0x20000690                __lock___sfp_recursive_mutex
                0x20000694                . = ALIGN (0x4)
 *fill*         0x20000691        0x3 
                0x20000694                _ebss = .
                0x20000694                __bss_end__ = _ebss

._user_heap_stack
                0x20000694      0x604 load address 0x08005b90
                0x20000698                . = ALIGN (0x8)
 *fill*         0x20000694        0x4 
                [!provide]                PROVIDE (end = .)
                [!provide]                PROVIDE (_end = .)
                0x20000898                . = (. + _Min_Heap_Size)
 *fill*         0x20000698      0x200 
                0x20000c98                . = (. + _Min_Stack_Size)
 *fill*         0x20000898      0x400 
                0x20000c98                . = ALIGN (0x8)

/DISCARD/
 libc.a(*)
 libm.a(*)
 libgcc.a(*)

.ARM.attributes
                0x00000000       0x30
 *(.ARM.attributes)
 .ARM.attributes
                0x00000000       0x1e c:/sysgcc/arm-eabi/bin/../lib/gcc/arm-none-eabi/9.3.1/thumb/v7e-m+fp/hard/crti.o
 .ARM.attributes
                0x0000001e       0x34 c:/sysgcc/arm-eabi/bin/../lib/gcc/arm-none-eabi/9.3.1/thumb/v7e-m+fp/hard/crtbegin.o
 .ARM.attributes
                0x00000052       0x34 CMakeFiles/BSP.dir/Src/system_stm32l4xx.c.obj
 .ARM.attributes
                0x00000086       0x34 CMakeFiles/BSP.dir/Drivers/STM32L4xx_HAL_Driver/Src/stm32l4xx_hal_uart_ex.c.obj
 .ARM.attributes
                0x000000ba       0x34 CMakeFiles/BSP.dir/Drivers/STM32L4xx_HAL_Driver/Src/stm32l4xx_hal_uart.c.obj
 .ARM.attributes
                0x000000ee       0x34 CMakeFiles/BSP.dir/Drivers/STM32L4xx_HAL_Driver/Src/stm32l4xx_hal_tim_ex.c.obj
 .ARM.attributes
                0x00000122       0x21 CMakeFiles/BSP.dir/startup_stm32l431xx.s.obj
 .ARM.attributes
                0x00000143       0x34 CMakeFiles/BSP.dir/Drivers/STM32L4xx_HAL_Driver/Src/stm32l4xx_hal_tim.c.obj
 .ARM.attributes
                0x00000177       0x34 CMakeFiles/BSP.dir/Drivers/STM32L4xx_HAL_Driver/Src/stm32l4xx_hal_cortex.c.obj
 .ARM.attributes
                0x000001ab       0x34 CMakeFiles/BSP.dir/Drivers/STM32L4xx_HAL_Driver/Src/stm32l4xx_hal_pwr_ex.c.obj
 .ARM.attributes
                0x000001df       0x34 CMakeFiles/BSP.dir/Drivers/STM32L4xx_HAL_Driver/Src/stm32l4xx_hal_dma.c.obj
 .ARM.attributes
                0x00000213       0x34 CMakeFiles/BSP.dir/Drivers/STM32L4xx_HAL_Driver/Src/stm32l4xx_hal_gpio.c.obj
 .ARM.attributes
                0x00000247       0x34 CMakeFiles/BSP.dir/Drivers/STM32L4xx_HAL_Driver/Src/stm32l4xx_hal_rcc_ex.c.obj
 .ARM.attributes
                0x0000027b       0x34 CMakeFiles/BSP.dir/Drivers/STM32L4xx_HAL_Driver/Src/stm32l4xx_hal_rcc.c.obj
 .ARM.attributes
                0x000002af       0x34 CMakeFiles/BSP.dir/Drivers/STM32L4xx_HAL_Driver/Src/stm32l4xx_hal_i2c_ex.c.obj
 .ARM.attributes
                0x000002e3       0x34 CMakeFiles/BSP.dir/Drivers/STM32L4xx_HAL_Driver/Src/stm32l4xx_hal_i2c.c.obj
 .ARM.attributes
                0x00000317       0x34 CMakeFiles/BSP.dir/Drivers/STM32L4xx_HAL_Driver/Src/stm32l4xx_hal.c.obj
 .ARM.attributes
                0x0000034b       0x34 CMakeFiles/BSP.dir/Drivers/STM32L4xx_HAL_Driver/Src/stm32l4xx_hal_adc.c.obj
 .ARM.attributes
                0x0000037f       0x34 CMakeFiles/BSP.dir/Src/stm32l4xx_hal_msp.c.obj
 .ARM.attributes
                0x000003b3       0x34 CMakeFiles/BSP.dir/Src/stm32l4xx_it.c.obj
 .ARM.attributes
                0x000003e7       0x34 CMakeFiles/BSP.dir/Src/main.c.obj
 .ARM.attributes
                0x0000041b       0x1e c:/sysgcc/arm-eabi/bin/../lib/gcc/arm-none-eabi/9.3.1/thumb/v7e-m+fp/hard\libgcc.a(_aeabi_uldivmod.o)
 .ARM.attributes
                0x00000439       0x34 c:/sysgcc/arm-eabi/bin/../lib/gcc/arm-none-eabi/9.3.1/thumb/v7e-m+fp/hard\libgcc.a(_udivmoddi4.o)
 .ARM.attributes
                0x0000046d       0x1e c:/sysgcc/arm-eabi/bin/../lib/gcc/arm-none-eabi/9.3.1/thumb/v7e-m+fp/hard\libgcc.a(_dvmd_tls.o)
 .ARM.attributes
                0x0000048b       0x32 c:/sysgcc/arm-eabi/bin/../lib/gcc/arm-none-eabi/9.3.1/../../../../arm-none-eabi/lib/thumb/v7e-m+fp/hard\libg.a(lib_a-impure.o)
 .ARM.attributes
                0x000004bd       0x34 c:/sysgcc/arm-eabi/bin/../lib/gcc/arm-none-eabi/9.3.1/../../../../arm-none-eabi/lib/thumb/v7e-m+fp/hard\libg.a(lib_a-init.o)
 .ARM.attributes
                0x000004f1       0x34 c:/sysgcc/arm-eabi/bin/../lib/gcc/arm-none-eabi/9.3.1/../../../../arm-none-eabi/lib/thumb/v7e-m+fp/hard\libg.a(lib_a-memset.o)
 .ARM.attributes
                0x00000525       0x34 c:/sysgcc/arm-eabi/bin/../lib/gcc/arm-none-eabi/9.3.1/../../../../arm-none-eabi/lib/thumb/v7e-m+fp/hard\libg.a(lib_a-__call_atexit.o)
 .ARM.attributes
                0x00000559       0x34 c:/sysgcc/arm-eabi/bin/../lib/gcc/arm-none-eabi/9.3.1/../../../../arm-none-eabi/lib/thumb/v7e-m+fp/hard\libg.a(lib_a-atexit.o)
 .ARM.attributes
                0x0000058d       0x34 c:/sysgcc/arm-eabi/bin/../lib/gcc/arm-none-eabi/9.3.1/../../../../arm-none-eabi/lib/thumb/v7e-m+fp/hard\libg.a(lib_a-fini.o)
 .ARM.attributes
                0x000005c1       0x34 c:/sysgcc/arm-eabi/bin/../lib/gcc/arm-none-eabi/9.3.1/../../../../arm-none-eabi/lib/thumb/v7e-m+fp/hard\libg.a(lib_a-lock.o)
 .ARM.attributes
                0x000005f5       0x34 c:/sysgcc/arm-eabi/bin/../lib/gcc/arm-none-eabi/9.3.1/../../../../arm-none-eabi/lib/thumb/v7e-m+fp/hard\libg.a(lib_a-__atexit.o)
 .ARM.attributes
                0x00000629       0x1e c:/sysgcc/arm-eabi/bin/../lib/gcc/arm-none-eabi/9.3.1/thumb/v7e-m+fp/hard/crtn.o
OUTPUT(L431_LED elf32-littlearm)
LOAD linker stubs
LOAD c:/sysgcc/arm-eabi/bin/../lib/gcc/arm-none-eabi/9.3.1/../../../../arm-none-eabi/lib/thumb/v7e-m+fp/hard\libc.a
LOAD c:/sysgcc/arm-eabi/bin/../lib/gcc/arm-none-eabi/9.3.1/../../../../arm-none-eabi/lib/thumb/v7e-m+fp/hard\libm.a
LOAD c:/sysgcc/arm-eabi/bin/../lib/gcc/arm-none-eabi/9.3.1/thumb/v7e-m+fp/hard\libgcc.a

.debug_info     0x00000000    0x15cb9
 .debug_info    0x00000000      0x7a2 CMakeFiles/BSP.dir/Src/system_stm32l4xx.c.obj
 .debug_info    0x000007a2      0xadd CMakeFiles/BSP.dir/Drivers/STM32L4xx_HAL_Driver/Src/stm32l4xx_hal_uart_ex.c.obj
 .debug_info    0x0000127f     0x19b1 CMakeFiles/BSP.dir/Drivers/STM32L4xx_HAL_Driver/Src/stm32l4xx_hal_uart.c.obj
 .debug_info    0x00002c30     0x17d3 CMakeFiles/BSP.dir/Drivers/STM32L4xx_HAL_Driver/Src/stm32l4xx_hal_tim_ex.c.obj
 .debug_info    0x00004403       0x22 CMakeFiles/BSP.dir/startup_stm32l431xx.s.obj
 .debug_info    0x00004425     0x2cd9 CMakeFiles/BSP.dir/Drivers/STM32L4xx_HAL_Driver/Src/stm32l4xx_hal_tim.c.obj
 .debug_info    0x000070fe      0xfc8 CMakeFiles/BSP.dir/Drivers/STM32L4xx_HAL_Driver/Src/stm32l4xx_hal_cortex.c.obj
 .debug_info    0x000080c6      0xb1c CMakeFiles/BSP.dir/Drivers/STM32L4xx_HAL_Driver/Src/stm32l4xx_hal_pwr_ex.c.obj
 .debug_info    0x00008be2      0x973 CMakeFiles/BSP.dir/Drivers/STM32L4xx_HAL_Driver/Src/stm32l4xx_hal_dma.c.obj
 .debug_info    0x00009555      0xa5f CMakeFiles/BSP.dir/Drivers/STM32L4xx_HAL_Driver/Src/stm32l4xx_hal_gpio.c.obj
 .debug_info    0x00009fb4     0x1122 CMakeFiles/BSP.dir/Drivers/STM32L4xx_HAL_Driver/Src/stm32l4xx_hal_rcc_ex.c.obj
 .debug_info    0x0000b0d6      0xdb5 CMakeFiles/BSP.dir/Drivers/STM32L4xx_HAL_Driver/Src/stm32l4xx_hal_rcc.c.obj
 .debug_info    0x0000be8b      0xc37 CMakeFiles/BSP.dir/Drivers/STM32L4xx_HAL_Driver/Src/stm32l4xx_hal_i2c_ex.c.obj
 .debug_info    0x0000cac2     0x22fd CMakeFiles/BSP.dir/Drivers/STM32L4xx_HAL_Driver/Src/stm32l4xx_hal_i2c.c.obj
 .debug_info    0x0000edbf      0xc61 CMakeFiles/BSP.dir/Drivers/STM32L4xx_HAL_Driver/Src/stm32l4xx_hal.c.obj
 .debug_info    0x0000fa20     0x1eab CMakeFiles/BSP.dir/Drivers/STM32L4xx_HAL_Driver/Src/stm32l4xx_hal_adc.c.obj
 .debug_info    0x000118cb     0x1b2e CMakeFiles/BSP.dir/Src/stm32l4xx_hal_msp.c.obj
 .debug_info    0x000133f9      0x920 CMakeFiles/BSP.dir/Src/stm32l4xx_it.c.obj
 .debug_info    0x00013d19     0x1fa0 CMakeFiles/BSP.dir/Src/main.c.obj

.debug_abbrev   0x00000000     0x274e
 .debug_abbrev  0x00000000      0x16e CMakeFiles/BSP.dir/Src/system_stm32l4xx.c.obj
 .debug_abbrev  0x0000016e      0x20a CMakeFiles/BSP.dir/Drivers/STM32L4xx_HAL_Driver/Src/stm32l4xx_hal_uart_ex.c.obj
 .debug_abbrev  0x00000378      0x22f CMakeFiles/BSP.dir/Drivers/STM32L4xx_HAL_Driver/Src/stm32l4xx_hal_uart.c.obj
 .debug_abbrev  0x000005a7      0x266 CMakeFiles/BSP.dir/Drivers/STM32L4xx_HAL_Driver/Src/stm32l4xx_hal_tim_ex.c.obj
 .debug_abbrev  0x0000080d       0x12 CMakeFiles/BSP.dir/startup_stm32l431xx.s.obj
 .debug_abbrev  0x0000081f      0x25e CMakeFiles/BSP.dir/Drivers/STM32L4xx_HAL_Driver/Src/stm32l4xx_hal_tim.c.obj
 .debug_abbrev  0x00000a7d      0x33c CMakeFiles/BSP.dir/Drivers/STM32L4xx_HAL_Driver/Src/stm32l4xx_hal_cortex.c.obj
 .debug_abbrev  0x00000db9      0x1f3 CMakeFiles/BSP.dir/Drivers/STM32L4xx_HAL_Driver/Src/stm32l4xx_hal_pwr_ex.c.obj
 .debug_abbrev  0x00000fac      0x201 CMakeFiles/BSP.dir/Drivers/STM32L4xx_HAL_Driver/Src/stm32l4xx_hal_dma.c.obj
 .debug_abbrev  0x000011ad      0x1e8 CMakeFiles/BSP.dir/Drivers/STM32L4xx_HAL_Driver/Src/stm32l4xx_hal_gpio.c.obj
 .debug_abbrev  0x00001395      0x268 CMakeFiles/BSP.dir/Drivers/STM32L4xx_HAL_Driver/Src/stm32l4xx_hal_rcc_ex.c.obj
 .debug_abbrev  0x000015fd      0x275 CMakeFiles/BSP.dir/Drivers/STM32L4xx_HAL_Driver/Src/stm32l4xx_hal_rcc.c.obj
 .debug_abbrev  0x00001872      0x1dd CMakeFiles/BSP.dir/Drivers/STM32L4xx_HAL_Driver/Src/stm32l4xx_hal_i2c_ex.c.obj
 .debug_abbrev  0x00001a4f      0x256 CMakeFiles/BSP.dir/Drivers/STM32L4xx_HAL_Driver/Src/stm32l4xx_hal_i2c.c.obj
 .debug_abbrev  0x00001ca5      0x227 CMakeFiles/BSP.dir/Drivers/STM32L4xx_HAL_Driver/Src/stm32l4xx_hal.c.obj
 .debug_abbrev  0x00001ecc      0x288 CMakeFiles/BSP.dir/Drivers/STM32L4xx_HAL_Driver/Src/stm32l4xx_hal_adc.c.obj
 .debug_abbrev  0x00002154      0x22d CMakeFiles/BSP.dir/Src/stm32l4xx_hal_msp.c.obj
 .debug_abbrev  0x00002381      0x163 CMakeFiles/BSP.dir/Src/stm32l4xx_it.c.obj
 .debug_abbrev  0x000024e4      0x26a CMakeFiles/BSP.dir/Src/main.c.obj

.debug_aranges  0x00000000     0x13e8
 .debug_aranges
                0x00000000       0x28 CMakeFiles/BSP.dir/Src/system_stm32l4xx.c.obj
 .debug_aranges
                0x00000028       0x60 CMakeFiles/BSP.dir/Drivers/STM32L4xx_HAL_Driver/Src/stm32l4xx_hal_uart_ex.c.obj
 .debug_aranges
                0x00000088      0x210 CMakeFiles/BSP.dir/Drivers/STM32L4xx_HAL_Driver/Src/stm32l4xx_hal_uart.c.obj
 .debug_aranges
                0x00000298      0x180 CMakeFiles/BSP.dir/Drivers/STM32L4xx_HAL_Driver/Src/stm32l4xx_hal_tim_ex.c.obj
 .debug_aranges
                0x00000418       0x28 CMakeFiles/BSP.dir/startup_stm32l431xx.s.obj
 .debug_aranges
                0x00000440      0x3e0 CMakeFiles/BSP.dir/Drivers/STM32L4xx_HAL_Driver/Src/stm32l4xx_hal_tim.c.obj
 .debug_aranges
                0x00000820      0x118 CMakeFiles/BSP.dir/Drivers/STM32L4xx_HAL_Driver/Src/stm32l4xx_hal_cortex.c.obj
 .debug_aranges
                0x00000938      0x100 CMakeFiles/BSP.dir/Drivers/STM32L4xx_HAL_Driver/Src/stm32l4xx_hal_pwr_ex.c.obj
 .debug_aranges
                0x00000a38       0x80 CMakeFiles/BSP.dir/Drivers/STM32L4xx_HAL_Driver/Src/stm32l4xx_hal_dma.c.obj
 .debug_aranges
                0x00000ab8       0x58 CMakeFiles/BSP.dir/Drivers/STM32L4xx_HAL_Driver/Src/stm32l4xx_hal_gpio.c.obj
 .debug_aranges
                0x00000b10       0xf0 CMakeFiles/BSP.dir/Drivers/STM32L4xx_HAL_Driver/Src/stm32l4xx_hal_rcc_ex.c.obj
 .debug_aranges
                0x00000c00       0x88 CMakeFiles/BSP.dir/Drivers/STM32L4xx_HAL_Driver/Src/stm32l4xx_hal_rcc.c.obj
 .debug_aranges
                0x00000c88       0x48 CMakeFiles/BSP.dir/Drivers/STM32L4xx_HAL_Driver/Src/stm32l4xx_hal_i2c_ex.c.obj
 .debug_aranges
                0x00000cd0      0x290 CMakeFiles/BSP.dir/Drivers/STM32L4xx_HAL_Driver/Src/stm32l4xx_hal_i2c.c.obj
 .debug_aranges
                0x00000f60      0x130 CMakeFiles/BSP.dir/Drivers/STM32L4xx_HAL_Driver/Src/stm32l4xx_hal.c.obj
 .debug_aranges
                0x00001090      0x210 CMakeFiles/BSP.dir/Drivers/STM32L4xx_HAL_Driver/Src/stm32l4xx_hal_adc.c.obj
 .debug_aranges
                0x000012a0       0x68 CMakeFiles/BSP.dir/Src/stm32l4xx_hal_msp.c.obj
 .debug_aranges
                0x00001308       0x70 CMakeFiles/BSP.dir/Src/stm32l4xx_it.c.obj
 .debug_aranges
                0x00001378       0x70 CMakeFiles/BSP.dir/Src/main.c.obj

.debug_ranges   0x00000000     0x12c0
 .debug_ranges  0x00000000       0x18 CMakeFiles/BSP.dir/Src/system_stm32l4xx.c.obj
 .debug_ranges  0x00000018       0x50 CMakeFiles/BSP.dir/Drivers/STM32L4xx_HAL_Driver/Src/stm32l4xx_hal_uart_ex.c.obj
 .debug_ranges  0x00000068      0x200 CMakeFiles/BSP.dir/Drivers/STM32L4xx_HAL_Driver/Src/stm32l4xx_hal_uart.c.obj
 .debug_ranges  0x00000268      0x170 CMakeFiles/BSP.dir/Drivers/STM32L4xx_HAL_Driver/Src/stm32l4xx_hal_tim_ex.c.obj
 .debug_ranges  0x000003d8       0x20 CMakeFiles/BSP.dir/startup_stm32l431xx.s.obj
 .debug_ranges  0x000003f8      0x3d0 CMakeFiles/BSP.dir/Drivers/STM32L4xx_HAL_Driver/Src/stm32l4xx_hal_tim.c.obj
 .debug_ranges  0x000007c8      0x108 CMakeFiles/BSP.dir/Drivers/STM32L4xx_HAL_Driver/Src/stm32l4xx_hal_cortex.c.obj
 .debug_ranges  0x000008d0       0xf0 CMakeFiles/BSP.dir/Drivers/STM32L4xx_HAL_Driver/Src/stm32l4xx_hal_pwr_ex.c.obj
 .debug_ranges  0x000009c0       0x70 CMakeFiles/BSP.dir/Drivers/STM32L4xx_HAL_Driver/Src/stm32l4xx_hal_dma.c.obj
 .debug_ranges  0x00000a30       0x48 CMakeFiles/BSP.dir/Drivers/STM32L4xx_HAL_Driver/Src/stm32l4xx_hal_gpio.c.obj
 .debug_ranges  0x00000a78       0xe0 CMakeFiles/BSP.dir/Drivers/STM32L4xx_HAL_Driver/Src/stm32l4xx_hal_rcc_ex.c.obj
 .debug_ranges  0x00000b58       0x78 CMakeFiles/BSP.dir/Drivers/STM32L4xx_HAL_Driver/Src/stm32l4xx_hal_rcc.c.obj
 .debug_ranges  0x00000bd0       0x38 CMakeFiles/BSP.dir/Drivers/STM32L4xx_HAL_Driver/Src/stm32l4xx_hal_i2c_ex.c.obj
 .debug_ranges  0x00000c08      0x280 CMakeFiles/BSP.dir/Drivers/STM32L4xx_HAL_Driver/Src/stm32l4xx_hal_i2c.c.obj
 .debug_ranges  0x00000e88      0x120 CMakeFiles/BSP.dir/Drivers/STM32L4xx_HAL_Driver/Src/stm32l4xx_hal.c.obj
 .debug_ranges  0x00000fa8      0x200 CMakeFiles/BSP.dir/Drivers/STM32L4xx_HAL_Driver/Src/stm32l4xx_hal_adc.c.obj
 .debug_ranges  0x000011a8       0x58 CMakeFiles/BSP.dir/Src/stm32l4xx_hal_msp.c.obj
 .debug_ranges  0x00001200       0x60 CMakeFiles/BSP.dir/Src/stm32l4xx_it.c.obj
 .debug_ranges  0x00001260       0x60 CMakeFiles/BSP.dir/Src/main.c.obj

.debug_macro    0x00000000    0x22d4f
 .debug_macro   0x00000000      0x202 CMakeFiles/BSP.dir/Src/system_stm32l4xx.c.obj
 .debug_macro   0x00000202      0xaa2 CMakeFiles/BSP.dir/Src/system_stm32l4xx.c.obj
 .debug_macro   0x00000ca4       0x2e CMakeFiles/BSP.dir/Src/system_stm32l4xx.c.obj
 .debug_macro   0x00000cd2       0x28 CMakeFiles/BSP.dir/Src/system_stm32l4xx.c.obj
 .debug_macro   0x00000cfa       0x22 CMakeFiles/BSP.dir/Src/system_stm32l4xx.c.obj
 .debug_macro   0x00000d1c       0x8e CMakeFiles/BSP.dir/Src/system_stm32l4xx.c.obj
 .debug_macro   0x00000daa       0x51 CMakeFiles/BSP.dir/Src/system_stm32l4xx.c.obj
 .debug_macro   0x00000dfb      0x103 CMakeFiles/BSP.dir/Src/system_stm32l4xx.c.obj
 .debug_macro   0x00000efe       0x6a CMakeFiles/BSP.dir/Src/system_stm32l4xx.c.obj
 .debug_macro   0x00000f68      0x1df CMakeFiles/BSP.dir/Src/system_stm32l4xx.c.obj
 .debug_macro   0x00001147       0x1c CMakeFiles/BSP.dir/Src/system_stm32l4xx.c.obj
 .debug_macro   0x00001163       0x22 CMakeFiles/BSP.dir/Src/system_stm32l4xx.c.obj
 .debug_macro   0x00001185      0x101 CMakeFiles/BSP.dir/Src/system_stm32l4xx.c.obj
 .debug_macro   0x00001286     0x1011 CMakeFiles/BSP.dir/Src/system_stm32l4xx.c.obj
 .debug_macro   0x00002297      0x11f CMakeFiles/BSP.dir/Src/system_stm32l4xx.c.obj
 .debug_macro   0x000023b6    0x1512a CMakeFiles/BSP.dir/Src/system_stm32l4xx.c.obj
 .debug_macro   0x000174e0       0x43 CMakeFiles/BSP.dir/Src/system_stm32l4xx.c.obj
 .debug_macro   0x00017523      0x1b3 CMakeFiles/BSP.dir/Src/system_stm32l4xx.c.obj
 .debug_macro   0x000176d6     0x3890 CMakeFiles/BSP.dir/Src/system_stm32l4xx.c.obj
 .debug_macro   0x0001af66      0x174 CMakeFiles/BSP.dir/Src/system_stm32l4xx.c.obj
 .debug_macro   0x0001b0da       0x5c CMakeFiles/BSP.dir/Src/system_stm32l4xx.c.obj
 .debug_macro   0x0001b136     0x12e9 CMakeFiles/BSP.dir/Src/system_stm32l4xx.c.obj
 .debug_macro   0x0001c41f      0x59e CMakeFiles/BSP.dir/Src/system_stm32l4xx.c.obj
 .debug_macro   0x0001c9bd      0x13d CMakeFiles/BSP.dir/Src/system_stm32l4xx.c.obj
 .debug_macro   0x0001cafa      0x11b CMakeFiles/BSP.dir/Src/system_stm32l4xx.c.obj
 .debug_macro   0x0001cc15      0x26b CMakeFiles/BSP.dir/Src/system_stm32l4xx.c.obj
 .debug_macro   0x0001ce80      0x23d CMakeFiles/BSP.dir/Src/system_stm32l4xx.c.obj
 .debug_macro   0x0001d0bd      0xdd8 CMakeFiles/BSP.dir/Src/system_stm32l4xx.c.obj
 .debug_macro   0x0001de95      0x61d CMakeFiles/BSP.dir/Src/system_stm32l4xx.c.obj
 .debug_macro   0x0001e4b2      0x241 CMakeFiles/BSP.dir/Src/system_stm32l4xx.c.obj
 .debug_macro   0x0001e6f3      0x241 CMakeFiles/BSP.dir/Src/system_stm32l4xx.c.obj
 .debug_macro   0x0001e934      0x375 CMakeFiles/BSP.dir/Src/system_stm32l4xx.c.obj
 .debug_macro   0x0001eca9       0xd6 CMakeFiles/BSP.dir/Src/system_stm32l4xx.c.obj
 .debug_macro   0x0001ed7f      0x22c CMakeFiles/BSP.dir/Src/system_stm32l4xx.c.obj
 .debug_macro   0x0001efab       0x61 CMakeFiles/BSP.dir/Src/system_stm32l4xx.c.obj
 .debug_macro   0x0001f00c       0xa5 CMakeFiles/BSP.dir/Src/system_stm32l4xx.c.obj
 .debug_macro   0x0001f0b1      0x122 CMakeFiles/BSP.dir/Src/system_stm32l4xx.c.obj
 .debug_macro   0x0001f1d3      0x2ef CMakeFiles/BSP.dir/Src/system_stm32l4xx.c.obj
 .debug_macro   0x0001f4c2      0xa75 CMakeFiles/BSP.dir/Src/system_stm32l4xx.c.obj
 .debug_macro   0x0001ff37      0x12e CMakeFiles/BSP.dir/Src/system_stm32l4xx.c.obj
 .debug_macro   0x00020065      0x59e CMakeFiles/BSP.dir/Src/system_stm32l4xx.c.obj
 .debug_macro   0x00020603       0x44 CMakeFiles/BSP.dir/Src/system_stm32l4xx.c.obj
 .debug_macro   0x00020647      0x26e CMakeFiles/BSP.dir/Src/system_stm32l4xx.c.obj
 .debug_macro   0x000208b5      0x1fc CMakeFiles/BSP.dir/Drivers/STM32L4xx_HAL_Driver/Src/stm32l4xx_hal_uart_ex.c.obj
 .debug_macro   0x00020ab1      0x227 CMakeFiles/BSP.dir/Drivers/STM32L4xx_HAL_Driver/Src/stm32l4xx_hal_uart.c.obj
 .debug_macro   0x00020cd8      0x1fc CMakeFiles/BSP.dir/Drivers/STM32L4xx_HAL_Driver/Src/stm32l4xx_hal_tim_ex.c.obj
 .debug_macro   0x00020ed4      0x1fd CMakeFiles/BSP.dir/Drivers/STM32L4xx_HAL_Driver/Src/stm32l4xx_hal_tim.c.obj
 .debug_macro   0x000210d1      0x1fc CMakeFiles/BSP.dir/Drivers/STM32L4xx_HAL_Driver/Src/stm32l4xx_hal_cortex.c.obj
 .debug_macro   0x000212cd      0x220 CMakeFiles/BSP.dir/Drivers/STM32L4xx_HAL_Driver/Src/stm32l4xx_hal_pwr_ex.c.obj
 .debug_macro   0x000214ed      0x1fc CMakeFiles/BSP.dir/Drivers/STM32L4xx_HAL_Driver/Src/stm32l4xx_hal_dma.c.obj
 .debug_macro   0x000216e9      0x23b CMakeFiles/BSP.dir/Drivers/STM32L4xx_HAL_Driver/Src/stm32l4xx_hal_gpio.c.obj
 .debug_macro   0x00021924      0x232 CMakeFiles/BSP.dir/Drivers/STM32L4xx_HAL_Driver/Src/stm32l4xx_hal_rcc_ex.c.obj
 .debug_macro   0x00021b56      0x23e CMakeFiles/BSP.dir/Drivers/STM32L4xx_HAL_Driver/Src/stm32l4xx_hal_rcc.c.obj
 .debug_macro   0x00021d94      0x1fc CMakeFiles/BSP.dir/Drivers/STM32L4xx_HAL_Driver/Src/stm32l4xx_hal_i2c_ex.c.obj
 .debug_macro   0x00021f90      0x2c1 CMakeFiles/BSP.dir/Drivers/STM32L4xx_HAL_Driver/Src/stm32l4xx_hal_i2c.c.obj
 .debug_macro   0x00022251      0x24a CMakeFiles/BSP.dir/Drivers/STM32L4xx_HAL_Driver/Src/stm32l4xx_hal.c.obj
 .debug_macro   0x0002249b      0x219 CMakeFiles/BSP.dir/Drivers/STM32L4xx_HAL_Driver/Src/stm32l4xx_hal_adc.c.obj
 .debug_macro   0x000226b4      0x20b CMakeFiles/BSP.dir/Src/stm32l4xx_hal_msp.c.obj
 .debug_macro   0x000228bf       0x70 CMakeFiles/BSP.dir/Src/stm32l4xx_hal_msp.c.obj
 .debug_macro   0x0002292f      0x215 CMakeFiles/BSP.dir/Src/stm32l4xx_it.c.obj
 .debug_macro   0x00022b44      0x20b CMakeFiles/BSP.dir/Src/main.c.obj

.debug_line     0x00000000    0x1346e
 .debug_line    0x00000000      0x60a CMakeFiles/BSP.dir/Src/system_stm32l4xx.c.obj
 .debug_line    0x0000060a      0x720 CMakeFiles/BSP.dir/Drivers/STM32L4xx_HAL_Driver/Src/stm32l4xx_hal_uart_ex.c.obj
 .debug_line    0x00000d2a     0x1a1b CMakeFiles/BSP.dir/Drivers/STM32L4xx_HAL_Driver/Src/stm32l4xx_hal_uart.c.obj
 .debug_line    0x00002745     0x1b0e CMakeFiles/BSP.dir/Drivers/STM32L4xx_HAL_Driver/Src/stm32l4xx_hal_tim_ex.c.obj
 .debug_line    0x00004253       0x7e CMakeFiles/BSP.dir/startup_stm32l431xx.s.obj
 .debug_line    0x000042d1     0x389d CMakeFiles/BSP.dir/Drivers/STM32L4xx_HAL_Driver/Src/stm32l4xx_hal_tim.c.obj
 .debug_line    0x00007b6e      0xadd CMakeFiles/BSP.dir/Drivers/STM32L4xx_HAL_Driver/Src/stm32l4xx_hal_cortex.c.obj
 .debug_line    0x0000864b      0x98f CMakeFiles/BSP.dir/Drivers/STM32L4xx_HAL_Driver/Src/stm32l4xx_hal_pwr_ex.c.obj
 .debug_line    0x00008fda      0xb15 CMakeFiles/BSP.dir/Drivers/STM32L4xx_HAL_Driver/Src/stm32l4xx_hal_dma.c.obj
 .debug_line    0x00009aef      0x95a CMakeFiles/BSP.dir/Drivers/STM32L4xx_HAL_Driver/Src/stm32l4xx_hal_gpio.c.obj
 .debug_line    0x0000a449     0x118e CMakeFiles/BSP.dir/Drivers/STM32L4xx_HAL_Driver/Src/stm32l4xx_hal_rcc_ex.c.obj
 .debug_line    0x0000b5d7      0xdbc CMakeFiles/BSP.dir/Drivers/STM32L4xx_HAL_Driver/Src/stm32l4xx_hal_rcc.c.obj
 .debug_line    0x0000c393      0x764 CMakeFiles/BSP.dir/Drivers/STM32L4xx_HAL_Driver/Src/stm32l4xx_hal_i2c_ex.c.obj
 .debug_line    0x0000caf7     0x3107 CMakeFiles/BSP.dir/Drivers/STM32L4xx_HAL_Driver/Src/stm32l4xx_hal_i2c.c.obj
 .debug_line    0x0000fbfe      0x936 CMakeFiles/BSP.dir/Drivers/STM32L4xx_HAL_Driver/Src/stm32l4xx_hal.c.obj
 .debug_line    0x00010534     0x19e3 CMakeFiles/BSP.dir/Drivers/STM32L4xx_HAL_Driver/Src/stm32l4xx_hal_adc.c.obj
 .debug_line    0x00011f17      0x6e7 CMakeFiles/BSP.dir/Src/stm32l4xx_hal_msp.c.obj
 .debug_line    0x000125fe      0x62e CMakeFiles/BSP.dir/Src/stm32l4xx_it.c.obj
 .debug_line    0x00012c2c      0x842 CMakeFiles/BSP.dir/Src/main.c.obj

.debug_str      0x00000000    0xdcf47
 .debug_str     0x00000000    0xd682e CMakeFiles/BSP.dir/Src/system_stm32l4xx.c.obj
                              0xd6d06 (size before relaxing)
 .debug_str     0x000d682e      0x50d CMakeFiles/BSP.dir/Drivers/STM32L4xx_HAL_Driver/Src/stm32l4xx_hal_uart_ex.c.obj
                              0xd70ae (size before relaxing)
 .debug_str     0x000d6d3b      0x88d CMakeFiles/BSP.dir/Drivers/STM32L4xx_HAL_Driver/Src/stm32l4xx_hal_uart.c.obj
                              0xd78c2 (size before relaxing)
 .debug_str     0x000d75c8      0xa17 CMakeFiles/BSP.dir/Drivers/STM32L4xx_HAL_Driver/Src/stm32l4xx_hal_tim_ex.c.obj
                              0xd7884 (size before relaxing)
 .debug_str     0x000d7fdf       0x2d CMakeFiles/BSP.dir/startup_stm32l431xx.s.obj
                                 0x61 (size before relaxing)
 .debug_str     0x000d800c      0xd7c CMakeFiles/BSP.dir/Drivers/STM32L4xx_HAL_Driver/Src/stm32l4xx_hal_tim.c.obj
                              0xd7f90 (size before relaxing)
 .debug_str     0x000d8d88      0x753 CMakeFiles/BSP.dir/Drivers/STM32L4xx_HAL_Driver/Src/stm32l4xx_hal_cortex.c.obj
                              0xd7479 (size before relaxing)
 .debug_str     0x000d94db      0x465 CMakeFiles/BSP.dir/Drivers/STM32L4xx_HAL_Driver/Src/stm32l4xx_hal_pwr_ex.c.obj
                              0xd713d (size before relaxing)
 .debug_str     0x000d9940      0x24e CMakeFiles/BSP.dir/Drivers/STM32L4xx_HAL_Driver/Src/stm32l4xx_hal_dma.c.obj
                              0xd6f60 (size before relaxing)
 .debug_str     0x000d9b8e      0x29c CMakeFiles/BSP.dir/Drivers/STM32L4xx_HAL_Driver/Src/stm32l4xx_hal_gpio.c.obj
                              0xd6f85 (size before relaxing)
 .debug_str     0x000d9e2a      0x722 CMakeFiles/BSP.dir/Drivers/STM32L4xx_HAL_Driver/Src/stm32l4xx_hal_rcc_ex.c.obj
                              0xd752a (size before relaxing)
 .debug_str     0x000da54c      0x4a3 CMakeFiles/BSP.dir/Drivers/STM32L4xx_HAL_Driver/Src/stm32l4xx_hal_rcc.c.obj
                              0xd7287 (size before relaxing)
 .debug_str     0x000da9ef      0x2ee CMakeFiles/BSP.dir/Drivers/STM32L4xx_HAL_Driver/Src/stm32l4xx_hal_i2c_ex.c.obj
                              0xd7214 (size before relaxing)
 .debug_str     0x000dacdd      0xd3a CMakeFiles/BSP.dir/Drivers/STM32L4xx_HAL_Driver/Src/stm32l4xx_hal_i2c.c.obj
                              0xd7e19 (size before relaxing)
 .debug_str     0x000dba17      0x56b CMakeFiles/BSP.dir/Drivers/STM32L4xx_HAL_Driver/Src/stm32l4xx_hal.c.obj
                              0xd770c (size before relaxing)
 .debug_str     0x000dbf82      0xbfb CMakeFiles/BSP.dir/Drivers/STM32L4xx_HAL_Driver/Src/stm32l4xx_hal_adc.c.obj
                              0xd7a00 (size before relaxing)
 .debug_str     0x000dcb7d      0x1f2 CMakeFiles/BSP.dir/Src/stm32l4xx_hal_msp.c.obj
                              0xd7f2f (size before relaxing)
 .debug_str     0x000dcd6f       0xf0 CMakeFiles/BSP.dir/Src/stm32l4xx_it.c.obj
                              0xd714a (size before relaxing)
 .debug_str     0x000dce5f       0xe8 CMakeFiles/BSP.dir/Src/main.c.obj
                              0xd8432 (size before relaxing)

.comment        0x00000000       0x4c
 .comment       0x00000000       0x4c CMakeFiles/BSP.dir/Src/system_stm32l4xx.c.obj
                                 0x4d (size before relaxing)
 .comment       0x0000004c       0x4d CMakeFiles/BSP.dir/Drivers/STM32L4xx_HAL_Driver/Src/stm32l4xx_hal_uart_ex.c.obj
 .comment       0x0000004c       0x4d CMakeFiles/BSP.dir/Drivers/STM32L4xx_HAL_Driver/Src/stm32l4xx_hal_uart.c.obj
 .comment       0x0000004c       0x4d CMakeFiles/BSP.dir/Drivers/STM32L4xx_HAL_Driver/Src/stm32l4xx_hal_tim_ex.c.obj
 .comment       0x0000004c       0x4d CMakeFiles/BSP.dir/Drivers/STM32L4xx_HAL_Driver/Src/stm32l4xx_hal_tim.c.obj
 .comment       0x0000004c       0x4d CMakeFiles/BSP.dir/Drivers/STM32L4xx_HAL_Driver/Src/stm32l4xx_hal_cortex.c.obj
 .comment       0x0000004c       0x4d CMakeFiles/BSP.dir/Drivers/STM32L4xx_HAL_Driver/Src/stm32l4xx_hal_pwr_ex.c.obj
 .comment       0x0000004c       0x4d CMakeFiles/BSP.dir/Drivers/STM32L4xx_HAL_Driver/Src/stm32l4xx_hal_dma.c.obj
 .comment       0x0000004c       0x4d CMakeFiles/BSP.dir/Drivers/STM32L4xx_HAL_Driver/Src/stm32l4xx_hal_gpio.c.obj
 .comment       0x0000004c       0x4d CMakeFiles/BSP.dir/Drivers/STM32L4xx_HAL_Driver/Src/stm32l4xx_hal_rcc_ex.c.obj
 .comment       0x0000004c       0x4d CMakeFiles/BSP.dir/Drivers/STM32L4xx_HAL_Driver/Src/stm32l4xx_hal_rcc.c.obj
 .comment       0x0000004c       0x4d CMakeFiles/BSP.dir/Drivers/STM32L4xx_HAL_Driver/Src/stm32l4xx_hal_i2c_ex.c.obj
 .comment       0x0000004c       0x4d CMakeFiles/BSP.dir/Drivers/STM32L4xx_HAL_Driver/Src/stm32l4xx_hal_i2c.c.obj
 .comment       0x0000004c       0x4d CMakeFiles/BSP.dir/Drivers/STM32L4xx_HAL_Driver/Src/stm32l4xx_hal.c.obj
 .comment       0x0000004c       0x4d CMakeFiles/BSP.dir/Drivers/STM32L4xx_HAL_Driver/Src/stm32l4xx_hal_adc.c.obj
 .comment       0x0000004c       0x4d CMakeFiles/BSP.dir/Src/stm32l4xx_hal_msp.c.obj
 .comment       0x0000004c       0x4d CMakeFiles/BSP.dir/Src/stm32l4xx_it.c.obj
 .comment       0x0000004c       0x4d CMakeFiles/BSP.dir/Src/main.c.obj

.debug_frame    0x00000000     0x5798
 .debug_frame   0x00000000       0x58 CMakeFiles/BSP.dir/Src/system_stm32l4xx.c.obj
 .debug_frame   0x00000058      0x170 CMakeFiles/BSP.dir/Drivers/STM32L4xx_HAL_Driver/Src/stm32l4xx_hal_uart_ex.c.obj
 .debug_frame   0x000001c8      0x974 CMakeFiles/BSP.dir/Drivers/STM32L4xx_HAL_Driver/Src/stm32l4xx_hal_uart.c.obj
 .debug_frame   0x00000b3c      0x6b0 CMakeFiles/BSP.dir/Drivers/STM32L4xx_HAL_Driver/Src/stm32l4xx_hal_tim_ex.c.obj
 .debug_frame   0x000011ec     0x121c CMakeFiles/BSP.dir/Drivers/STM32L4xx_HAL_Driver/Src/stm32l4xx_hal_tim.c.obj
 .debug_frame   0x00002408      0x498 CMakeFiles/BSP.dir/Drivers/STM32L4xx_HAL_Driver/Src/stm32l4xx_hal_cortex.c.obj
 .debug_frame   0x000028a0      0x404 CMakeFiles/BSP.dir/Drivers/STM32L4xx_HAL_Driver/Src/stm32l4xx_hal_pwr_ex.c.obj
 .debug_frame   0x00002ca4      0x204 CMakeFiles/BSP.dir/Drivers/STM32L4xx_HAL_Driver/Src/stm32l4xx_hal_dma.c.obj
 .debug_frame   0x00002ea8      0x14c CMakeFiles/BSP.dir/Drivers/STM32L4xx_HAL_Driver/Src/stm32l4xx_hal_gpio.c.obj
 .debug_frame   0x00002ff4      0x3d0 CMakeFiles/BSP.dir/Drivers/STM32L4xx_HAL_Driver/Src/stm32l4xx_hal_rcc_ex.c.obj
 .debug_frame   0x000033c4      0x1f4 CMakeFiles/BSP.dir/Drivers/STM32L4xx_HAL_Driver/Src/stm32l4xx_hal_rcc.c.obj
 .debug_frame   0x000035b8      0x100 CMakeFiles/BSP.dir/Drivers/STM32L4xx_HAL_Driver/Src/stm32l4xx_hal_i2c_ex.c.obj
 .debug_frame   0x000036b8      0xbe8 CMakeFiles/BSP.dir/Drivers/STM32L4xx_HAL_Driver/Src/stm32l4xx_hal_i2c.c.obj
 .debug_frame   0x000042a0      0x498 CMakeFiles/BSP.dir/Drivers/STM32L4xx_HAL_Driver/Src/stm32l4xx_hal.c.obj
 .debug_frame   0x00004738      0x9b0 CMakeFiles/BSP.dir/Drivers/STM32L4xx_HAL_Driver/Src/stm32l4xx_hal_adc.c.obj
 .debug_frame   0x000050e8      0x184 CMakeFiles/BSP.dir/Src/stm32l4xx_hal_msp.c.obj
 .debug_frame   0x0000526c      0x144 CMakeFiles/BSP.dir/Src/stm32l4xx_it.c.obj
 .debug_frame   0x000053b0      0x184 CMakeFiles/BSP.dir/Src/main.c.obj
 .debug_frame   0x00005534       0x2c c:/sysgcc/arm-eabi/bin/../lib/gcc/arm-none-eabi/9.3.1/thumb/v7e-m+fp/hard\libgcc.a(_aeabi_uldivmod.o)
 .debug_frame   0x00005560       0x34 c:/sysgcc/arm-eabi/bin/../lib/gcc/arm-none-eabi/9.3.1/thumb/v7e-m+fp/hard\libgcc.a(_udivmoddi4.o)
 .debug_frame   0x00005594       0x2c c:/sysgcc/arm-eabi/bin/../lib/gcc/arm-none-eabi/9.3.1/../../../../arm-none-eabi/lib/thumb/v7e-m+fp/hard\libg.a(lib_a-init.o)
 .debug_frame   0x000055c0       0x38 c:/sysgcc/arm-eabi/bin/../lib/gcc/arm-none-eabi/9.3.1/../../../../arm-none-eabi/lib/thumb/v7e-m+fp/hard\libg.a(lib_a-memset.o)
 .debug_frame   0x000055f8       0x68 c:/sysgcc/arm-eabi/bin/../lib/gcc/arm-none-eabi/9.3.1/../../../../arm-none-eabi/lib/thumb/v7e-m+fp/hard\libg.a(lib_a-__call_atexit.o)
 .debug_frame   0x00005660       0x20 c:/sysgcc/arm-eabi/bin/../lib/gcc/arm-none-eabi/9.3.1/../../../../arm-none-eabi/lib/thumb/v7e-m+fp/hard\libg.a(lib_a-atexit.o)
 .debug_frame   0x00005680       0x34 c:/sysgcc/arm-eabi/bin/../lib/gcc/arm-none-eabi/9.3.1/../../../../arm-none-eabi/lib/thumb/v7e-m+fp/hard\libg.a(lib_a-fini.o)
 .debug_frame   0x000056b4       0xb0 c:/sysgcc/arm-eabi/bin/../lib/gcc/arm-none-eabi/9.3.1/../../../../arm-none-eabi/lib/thumb/v7e-m+fp/hard\libg.a(lib_a-lock.o)
 .debug_frame   0x00005764       0x34 c:/sysgcc/arm-eabi/bin/../lib/gcc/arm-none-eabi/9.3.1/../../../../arm-none-eabi/lib/thumb/v7e-m+fp/hard\libg.a(lib_a-__atexit.o)
